{
  "m0": "520460,1,2,1,1,1,4294967295,1200,caldavar,11/9/2022,Hero_Geomancer",
  "m1": "519792,1,1,1,12,14,4294967295,2774,caldavar,11/9/2022,Hero_Kenisis",
  "m2": "519472,1,1,9,5,26,4294967295,2687,caldavar,11/9/2022,Hero_Pestilence",
  "m3": "514060,1,1,17,0,6,4294967295,1903,caldavar,11/8/2022,Hero_Parallax",
  "m4": "513453,1,2,1,6,8,4294967295,1630,caldavar,11/8/2022,Hero_DiseasedRider",
  "m5": "513318,1,2,2,3,3,4294967295,1137,caldavar,11/8/2022,Hero_ShadowBlade",
  "m6": "507773,1,1,5,3,16,4294967295,1436,caldavar,11/8/2022,Hero_Chipper",
  "m7": "507717,1,1,2,7,9,4294967295,1129,caldavar,11/8/2022,Hero_Andromeda",
  "m8": "507582,1,2,17,5,2,4294967295,2259,caldavar,11/7/2022,Hero_Scout",
  "m9": "507444,1,2,11,4,9,4294967295,2542,caldavar,11/7/2022,Hero_Nomad",
  "m10": "507358,1,1,7,0,6,4294967295,1071,caldavar,11/7/2022,Hero_Zephyr",
  "m11": "507277,1,1,4,1,10,4294967295,906,caldavar,11/7/2022,Hero_Fairy",
  "m12": "506427,1,1,6,2,14,4294967295,1390,caldavar,11/7/2022,Hero_DwarfMagi",
  "m13": "506141,1,1,7,6,7,4294967295,1671,caldavar,11/7/2022,Hero_Ellonia",
  "m14": "504643,1,1,3,4,8,4294967295,1399,caldavar,11/7/2022,Hero_Ellonia",
  "m15": "498977,1,1,3,8,9,4294967295,1959,caldavar,11/6/2022,Hero_Engineer",
  "m16": "498668,0,1,3,5,6,4294967295,1358,caldavar,11/6/2022,Hero_Defiler",
  "m17": "498274,1,1,12,1,5,4294967295,1290,caldavar,11/6/2022,Hero_Rocky",
  "m18": "497958,1,1,9,4,7,4294967295,1265,caldavar,11/6/2022,Hero_Ellonia",
  "m19": "491880,1,1,4,2,4,4294967295,984,caldavar,11/5/2022,Hero_Solstice"
}