{
  "match_summ": {
    "485227": {
      "match_id": 485227,
      "map": "caldavar",
      "time_played": 3196,
      "version": "4.10.1.8",
      "date": "11/5/2022",
      "time": "00:17:45.7244021",
      "mname": null,
      "class": null,
      "nm": 0,
      "sd": 0,
      "rd": 0,
      "dm": 0,
      "bd": 0,
      "bp": 0,
      "ar": 0,
      "cm": 0,
      "lp": 0,
      "bb": 0,
      "bm": 0,
      "km": 0,
      "alt_pick": 0,
      "shuf": 0,
      "ap": 0,
      "br": 0,
      "em": 0,
      "cas": 0,
      "nl": 0,
      "no_stats": 0,
      "ab": 0,
      "verified_only": 0,
      "gated": 0,
      "timestamp": 1667607465,
      "url": null,
      "size": 1,
      "name": null,
      "s3_url": "http://api.kongor.online/replays/M485227.honreplay",
      "winning_team": 1,
      "gamemode": "reborn",
      "mvp": 0,
      "awd_mann": "-1",
      "awd_mqk": "-1",
      "awd_lgks": 82496,
      "awd_msd": 77678,
      "awd_mkill": 77678,
      "awd_masst": 77635,
      "awd_ledth": "-1",
      "awd_mbdmg": 77678,
      "awd_mwk": "-1",
      "awd_mhdd": 1666,
      "awd_hcs": 1666,
      "mmpoints": 7
    }
  },
  "match_player_stats": {
    "485227": {
      "0": {
        "nickname": "Bal7azaR",
        "clan_tag": null,
        "clan_id": 0,
        "team": 1,
        "position": 2,
        "group_num": 2,
        "benefit": 0,
        "hero_id": 4294967295,
        "wins": 1,
        "losses": 0,
        "discos": 0,
        "concedes": 0,
        "kicked": 0,
        "social_bonus": 1,
        "used_token": 0,
        "pub_skill": 0,
        "pub_count": 0,
        "amm_team_rating": 14.0345,
        "amm_team_count": 1,
        "concedevotes": 1,
        "herokills": 4,
        "herodmg": 20932,
        "herokillsgold": 2911,
        "heroassists": 7,
        "heroexp": 8075,
        "deaths": 10,
        "buybacks": 0,
        "goldlost2death": 4079,
        "secs_dead": 496,
        "teamcreepkills": 304,
        "teamcreepdmg": 163144,
        "teamcreepgold": 11785,
        "teamcreepexp": 18543,
        "neutralcreepkills": 84,
        "neutralcreepdmg": 69044,
        "neutralcreepgold": 2918,
        "neutralcreepexp": 5717,
        "bdmg": 1190,
        "razed": 2,
        "bdmgexp": 0,
        "bgold": 3340,
        "denies": 16,
        "exp_denied": 658,
        "gold": 21408,
        "gold_spent": 21690,
        "exp": 32335,
        "actions": 5898,
        "secs": 3196,
        "level": 25,
        "consumables": 16,
        "wards": 3,
        "bloodlust": 1,
        "doublekill": 0,
        "triplekill": 0,
        "quadkill": 0,
        "annihilation": 0,
        "ks3": 0,
        "ks4": 0,
        "ks5": 0,
        "ks6": 0,
        "ks7": 0,
        "ks8": 0,
        "ks9": 0,
        "ks10": 0,
        "ks15": 0,
        "smackdown": 0,
        "humiliation": 0,
        "nemesis": 0,
        "retribution": 0,
        "score": 0,
        "gameplaystat0": 0,
        "gameplaystat1": 0,
        "gameplaystat2": 0,
        "gameplaystat3": 0,
        "gameplaystat4": 0,
        "gameplaystat5": 0,
        "gameplaystat6": 0,
        "gameplaystat7": 0,
        "gameplaystat8": 0,
        "gameplaystat9": 0,
        "time_earning_exp": 3131,
        "match_id": 485227,
        "account_id": 25113,
        "map": "caldavar",
        "cli_name": "Hero_Vanya",
        "mdt": "11/5/2022"
      },
      "1": {
        "nickname": "feoxitsii",
        "clan_tag": null,
        "clan_id": 0,
        "team": 2,
        "position": 7,
        "group_num": 2,
        "benefit": 0,
        "hero_id": 4294967295,
        "wins": 0,
        "losses": 1,
        "discos": 0,
        "concedes": 0,
        "kicked": 0,
        "social_bonus": 1,
        "used_token": 0,
        "pub_skill": 0,
        "pub_count": 0,
        "amm_team_rating": -20,
        "amm_team_count": 1,
        "concedevotes": 0,
        "herokills": 0,
        "herodmg": 1385,
        "herokillsgold": 1574,
        "heroassists": 1,
        "heroexp": 0,
        "deaths": 1,
        "buybacks": 0,
        "goldlost2death": 181,
        "secs_dead": 30,
        "teamcreepkills": 44,
        "teamcreepdmg": 9552,
        "teamcreepgold": 1724,
        "teamcreepexp": 3335,
        "neutralcreepkills": 0,
        "neutralcreepdmg": 65,
        "neutralcreepgold": 0,
        "neutralcreepexp": 0,
        "bdmg": 206,
        "razed": 0,
        "bdmgexp": 0,
        "bgold": 1850,
        "denies": 6,
        "exp_denied": 148,
        "gold": 4985,
        "gold_spent": 2420,
        "exp": 3335,
        "actions": 1078,
        "secs": 1078,
        "level": 7,
        "consumables": 4,
        "wards": 0,
        "bloodlust": 0,
        "doublekill": 0,
        "triplekill": 0,
        "quadkill": 0,
        "annihilation": 0,
        "ks3": 0,
        "ks4": 0,
        "ks5": 0,
        "ks6": 0,
        "ks7": 0,
        "ks8": 0,
        "ks9": 0,
        "ks10": 0,
        "ks15": 0,
        "smackdown": 0,
        "humiliation": 0,
        "nemesis": 0,
        "retribution": 0,
        "score": 0,
        "gameplaystat0": 0,
        "gameplaystat1": 0,
        "gameplaystat2": 0,
        "gameplaystat3": 0,
        "gameplaystat4": 0,
        "gameplaystat5": 0,
        "gameplaystat6": 0,
        "gameplaystat7": 0,
        "gameplaystat8": 0,
        "gameplaystat9": 0,
        "time_earning_exp": 1078,
        "match_id": 485227,
        "account_id": 61586,
        "map": "caldavar",
        "cli_name": "Hero_BabaYaga",
        "mdt": "11/5/2022"
      },
      "2": {
        "nickname": "Nightmins",
        "clan_tag": null,
        "clan_id": 0,
        "team": 2,
        "position": 9,
        "group_num": 4,
        "benefit": 0,
        "hero_id": 4294967295,
        "wins": 0,
        "losses": 1,
        "discos": 0,
        "concedes": 0,
        "kicked": 0,
        "social_bonus": 1,
        "used_token": 0,
        "pub_skill": 0,
        "pub_count": 0,
        "amm_team_rating": -24.4247,
        "amm_team_count": 1,
        "concedevotes": 0,
        "herokills": 9,
        "herodmg": 23478,
        "herokillsgold": 7466,
        "heroassists": 6,
        "heroexp": 16015,
        "deaths": 6,
        "buybacks": 0,
        "goldlost2death": 3064,
        "secs_dead": 364,
        "teamcreepkills": 230,
        "teamcreepdmg": 83340,
        "teamcreepgold": 9898,
        "teamcreepexp": 15643,
        "neutralcreepkills": 11,
        "neutralcreepdmg": 5796,
        "neutralcreepgold": 278,
        "neutralcreepexp": 617,
        "bdmg": 1070,
        "razed": 2,
        "bdmgexp": 0,
        "bgold": 1850,
        "denies": 13,
        "exp_denied": 440,
        "gold": 21041,
        "gold_spent": 22740,
        "exp": 32275,
        "actions": 5678,
        "secs": 3196,
        "level": 25,
        "consumables": 14,
        "wards": 0,
        "bloodlust": 0,
        "doublekill": 0,
        "triplekill": 0,
        "quadkill": 0,
        "annihilation": 0,
        "ks3": 1,
        "ks4": 1,
        "ks5": 0,
        "ks6": 0,
        "ks7": 0,
        "ks8": 0,
        "ks9": 0,
        "ks10": 0,
        "ks15": 0,
        "smackdown": 1,
        "humiliation": 1,
        "nemesis": 1,
        "retribution": 0,
        "score": 0,
        "gameplaystat0": 0,
        "gameplaystat1": 0,
        "gameplaystat2": 0,
        "gameplaystat3": 0,
        "gameplaystat4": 0,
        "gameplaystat5": 0,
        "gameplaystat6": 0,
        "gameplaystat7": 0,
        "gameplaystat8": 0,
        "gameplaystat9": 0,
        "time_earning_exp": 3135,
        "match_id": 485227,
        "account_id": 67673,
        "map": "caldavar",
        "cli_name": "Hero_Goldenveil",
        "mdt": "11/5/2022"
      },
      "3": {
        "nickname": "Prex0",
        "clan_tag": null,
        "clan_id": 0,
        "team": 1,
        "position": 1,
        "group_num": 1,
        "benefit": 0,
        "hero_id": 4294967295,
        "wins": 1,
        "losses": 0,
        "discos": 0,
        "concedes": 0,
        "kicked": 0,
        "social_bonus": 1,
        "used_token": 0,
        "pub_skill": 0,
        "pub_count": 0,
        "amm_team_rating": 8.5806,
        "amm_team_count": 1,
        "concedevotes": 0,
        "herokills": 8,
        "herodmg": 34838,
        "herokillsgold": 4835,
        "heroassists": 8,
        "heroexp": 8379,
        "deaths": 6,
        "buybacks": 2,
        "goldlost2death": 2880,
        "secs_dead": 250,
        "teamcreepkills": 555,
        "teamcreepdmg": 394091,
        "teamcreepgold": 23879,
        "teamcreepexp": 23642,
        "neutralcreepkills": 2,
        "neutralcreepdmg": 2896,
        "neutralcreepgold": 243,
        "neutralcreepexp": 340,
        "bdmg": 2714,
        "razed": 2,
        "bdmgexp": 0,
        "bgold": 3370,
        "denies": 2,
        "exp_denied": 91,
        "gold": 33980,
        "gold_spent": 31154,
        "exp": 32361,
        "actions": 8930,
        "secs": 3196,
        "level": 25,
        "consumables": 8,
        "wards": 6,
        "bloodlust": 0,
        "doublekill": 0,
        "triplekill": 0,
        "quadkill": 0,
        "annihilation": 0,
        "ks3": 0,
        "ks4": 0,
        "ks5": 0,
        "ks6": 0,
        "ks7": 0,
        "ks8": 0,
        "ks9": 0,
        "ks10": 0,
        "ks15": 0,
        "smackdown": 1,
        "humiliation": 0,
        "nemesis": 0,
        "retribution": 0,
        "score": 0,
        "gameplaystat0": 0,
        "gameplaystat1": 0,
        "gameplaystat2": 0,
        "gameplaystat3": 0,
        "gameplaystat4": 0,
        "gameplaystat5": 0,
        "gameplaystat6": 0,
        "gameplaystat7": 0,
        "gameplaystat8": 0,
        "gameplaystat9": 0,
        "time_earning_exp": 2620,
        "match_id": 485227,
        "account_id": 1666,
        "map": "caldavar",
        "cli_name": "Hero_Bubbles",
        "mdt": "11/5/2022"
      },
      "4": {
        "nickname": "Privet",
        "clan_tag": null,
        "clan_id": 0,
        "team": 2,
        "position": 6,
        "group_num": 1,
        "benefit": 0,
        "hero_id": 4294967295,
        "wins": 0,
        "losses": 1,
        "discos": 0,
        "concedes": 0,
        "kicked": 0,
        "social_bonus": 1,
        "used_token": 0,
        "pub_skill": 0,
        "pub_count": 0,
        "amm_team_rating": -8.9295,
        "amm_team_count": 1,
        "concedevotes": 2,
        "herokills": 11,
        "herodmg": 25147,
        "herokillsgold": 6609,
        "heroassists": 5,
        "heroexp": 6807,
        "deaths": 4,
        "buybacks": 2,
        "goldlost2death": 2550,
        "secs_dead": 196,
        "teamcreepkills": 493,
        "teamcreepdmg": 298995,
        "teamcreepgold": 22600,
        "teamcreepexp": 22281,
        "neutralcreepkills": 57,
        "neutralcreepdmg": 46010,
        "neutralcreepgold": 2585,
        "neutralcreepexp": 3215,
        "bdmg": 4506,
        "razed": 6,
        "bdmgexp": 0,
        "bgold": 2810,
        "denies": 12,
        "exp_denied": 460,
        "gold": 36401,
        "gold_spent": 46888,
        "exp": 32303,
        "actions": 11668,
        "secs": 3196,
        "level": 25,
        "consumables": 27,
        "wards": 0,
        "bloodlust": 0,
        "doublekill": 0,
        "triplekill": 0,
        "quadkill": 0,
        "annihilation": 0,
        "ks3": 1,
        "ks4": 1,
        "ks5": 1,
        "ks6": 0,
        "ks7": 0,
        "ks8": 0,
        "ks9": 0,
        "ks10": 0,
        "ks15": 0,
        "smackdown": 6,
        "humiliation": 0,
        "nemesis": 2,
        "retribution": 0,
        "score": 0,
        "gameplaystat0": 0,
        "gameplaystat1": 0,
        "gameplaystat2": 0,
        "gameplaystat3": 0,
        "gameplaystat4": 0,
        "gameplaystat5": 0,
        "gameplaystat6": 0,
        "gameplaystat7": 0,
        "gameplaystat8": 0,
        "gameplaystat9": 0,
        "time_earning_exp": 2723,
        "match_id": 485227,
        "account_id": 77678,
        "map": "caldavar",
        "cli_name": "Hero_Dreadknight",
        "mdt": "11/5/2022"
      },
      "5": {
        "nickname": "SSoNNeKK",
        "clan_tag": null,
        "clan_id": 0,
        "team": 1,
        "position": 3,
        "group_num": 3,
        "benefit": 0,
        "hero_id": 4294967295,
        "wins": 1,
        "losses": 0,
        "discos": 0,
        "concedes": 0,
        "kicked": 0,
        "social_bonus": 1,
        "used_token": 0,
        "pub_skill": 0,
        "pub_count": 0,
        "amm_team_rating": 16.8683,
        "amm_team_count": 1,
        "concedevotes": 0,
        "herokills": 6,
        "herodmg": 15862,
        "herokillsgold": 3163,
        "heroassists": 4,
        "heroexp": 10342,
        "deaths": 8,
        "buybacks": 0,
        "goldlost2death": 2240,
        "secs_dead": 430,
        "teamcreepkills": 134,
        "teamcreepdmg": 71953,
        "teamcreepgold": 5619,
        "teamcreepexp": 13037,
        "neutralcreepkills": 80,
        "neutralcreepdmg": 65324,
        "neutralcreepgold": 2892,
        "neutralcreepexp": 5154,
        "bdmg": 643,
        "razed": 0,
        "bdmgexp": 0,
        "bgold": 2900,
        "denies": 2,
        "exp_denied": 103,
        "gold": 17167,
        "gold_spent": 16700,
        "exp": 28533,
        "actions": 11059,
        "secs": 3196,
        "level": 23,
        "consumables": 22,
        "wards": 3,
        "bloodlust": 0,
        "doublekill": 0,
        "triplekill": 0,
        "quadkill": 0,
        "annihilation": 0,
        "ks3": 0,
        "ks4": 0,
        "ks5": 0,
        "ks6": 0,
        "ks7": 0,
        "ks8": 0,
        "ks9": 0,
        "ks10": 0,
        "ks15": 0,
        "smackdown": 0,
        "humiliation": 0,
        "nemesis": 0,
        "retribution": 0,
        "score": 0,
        "gameplaystat0": 0,
        "gameplaystat1": 0,
        "gameplaystat2": 0,
        "gameplaystat3": 0,
        "gameplaystat4": 0,
        "gameplaystat5": 0,
        "gameplaystat6": 0,
        "gameplaystat7": 0,
        "gameplaystat8": 0,
        "gameplaystat9": 0,
        "time_earning_exp": 3196,
        "match_id": 485227,
        "account_id": 1702,
        "map": "caldavar",
        "cli_name": "Hero_Scout",
        "mdt": "11/5/2022"
      },
      "6": {
        "nickname": "Tortuga",
        "clan_tag": null,
        "clan_id": 0,
        "team": 1,
        "position": 4,
        "group_num": 4,
        "benefit": 0,
        "hero_id": 4294967295,
        "wins": 1,
        "losses": 0,
        "discos": 0,
        "concedes": 0,
        "kicked": 0,
        "social_bonus": 1,
        "used_token": 0,
        "pub_skill": 0,
        "pub_count": 0,
        "amm_team_rating": 17.0973,
        "amm_team_count": 1,
        "concedevotes": 0,
        "herokills": 5,
        "herodmg": 19111,
        "herokillsgold": 4460,
        "heroassists": 7,
        "heroexp": 7725,
        "deaths": 4,
        "buybacks": 0,
        "goldlost2death": 1590,
        "secs_dead": 218,
        "teamcreepkills": 194,
        "teamcreepdmg": 129078,
        "teamcreepgold": 9221,
        "teamcreepexp": 9328,
        "neutralcreepkills": 259,
        "neutralcreepdmg": 211876,
        "neutralcreepgold": 10589,
        "neutralcreepexp": 15310,
        "bdmg": 1494,
        "razed": 1,
        "bdmgexp": 0,
        "bgold": 2900,
        "denies": 0,
        "exp_denied": 0,
        "gold": 30113,
        "gold_spent": 31875,
        "exp": 32363,
        "actions": 5134,
        "secs": 3196,
        "level": 25,
        "consumables": 21,
        "wards": 4,
        "bloodlust": 0,
        "doublekill": 0,
        "triplekill": 0,
        "quadkill": 0,
        "annihilation": 0,
        "ks3": 1,
        "ks4": 1,
        "ks5": 1,
        "ks6": 0,
        "ks7": 0,
        "ks8": 0,
        "ks9": 0,
        "ks10": 0,
        "ks15": 0,
        "smackdown": 1,
        "humiliation": 0,
        "nemesis": 0,
        "retribution": 0,
        "score": 0,
        "gameplaystat0": 0,
        "gameplaystat1": 0,
        "gameplaystat2": 0,
        "gameplaystat3": 0,
        "gameplaystat4": 0,
        "gameplaystat5": 0,
        "gameplaystat6": 0,
        "gameplaystat7": 0,
        "gameplaystat8": 0,
        "gameplaystat9": 0,
        "time_earning_exp": 2655,
        "match_id": 485227,
        "account_id": 82496,
        "map": "caldavar",
        "cli_name": "Hero_Solstice",
        "mdt": "11/5/2022"
      },
      "7": {
        "nickname": "Ultra`Rare",
        "clan_tag": null,
        "clan_id": 0,
        "team": 2,
        "position": 5,
        "group_num": 0,
        "benefit": 0,
        "hero_id": 4294967295,
        "wins": 0,
        "losses": 1,
        "discos": 0,
        "concedes": 0,
        "kicked": 0,
        "social_bonus": 1,
        "used_token": 0,
        "pub_skill": 0,
        "pub_count": 0,
        "amm_team_rating": -1.8553,
        "amm_team_count": 1,
        "concedevotes": 0,
        "herokills": 3,
        "herodmg": 15738,
        "herokillsgold": 4672,
        "heroassists": 10,
        "heroexp": 9412,
        "deaths": 8,
        "buybacks": 1,
        "goldlost2death": 2677,
        "secs_dead": 359,
        "teamcreepkills": 276,
        "teamcreepdmg": 138438,
        "teamcreepgold": 11170,
        "teamcreepexp": 18514,
        "neutralcreepkills": 43,
        "neutralcreepdmg": 6494,
        "neutralcreepgold": 2022,
        "neutralcreepexp": 3172,
        "bdmg": 2483,
        "razed": 2,
        "bdmgexp": 0,
        "bgold": 2110,
        "denies": 25,
        "exp_denied": 906,
        "gold": 21874,
        "gold_spent": 24781,
        "exp": 31098,
        "actions": 8663,
        "secs": 3196,
        "level": 24,
        "consumables": 24,
        "wards": 9,
        "bloodlust": 0,
        "doublekill": 0,
        "triplekill": 0,
        "quadkill": 0,
        "annihilation": 0,
        "ks3": 0,
        "ks4": 0,
        "ks5": 0,
        "ks6": 0,
        "ks7": 0,
        "ks8": 0,
        "ks9": 0,
        "ks10": 0,
        "ks15": 0,
        "smackdown": 0,
        "humiliation": 0,
        "nemesis": 0,
        "retribution": 0,
        "score": 0,
        "gameplaystat0": 0,
        "gameplaystat1": 0,
        "gameplaystat2": 0,
        "gameplaystat3": 0,
        "gameplaystat4": 0,
        "gameplaystat5": 0,
        "gameplaystat6": 0,
        "gameplaystat7": 0,
        "gameplaystat8": 0,
        "gameplaystat9": 0,
        "time_earning_exp": 3196,
        "match_id": 485227,
        "account_id": 77635,
        "map": "caldavar",
        "cli_name": "Hero_DiseasedRider",
        "mdt": "11/5/2022"
      },
      "8": {
        "nickname": "UnknownKis",
        "clan_tag": null,
        "clan_id": 0,
        "team": 2,
        "position": 8,
        "group_num": 3,
        "benefit": 0,
        "hero_id": 4294967295,
        "wins": 0,
        "losses": 1,
        "discos": 0,
        "concedes": 0,
        "kicked": 0,
        "social_bonus": 1,
        "used_token": 0,
        "pub_skill": 0,
        "pub_count": 0,
        "amm_team_rating": -20,
        "amm_team_count": 1,
        "concedevotes": 0,
        "herokills": 5,
        "herodmg": 9823,
        "herokillsgold": 5471,
        "heroassists": 5,
        "heroexp": 11885,
        "deaths": 5,
        "buybacks": 0,
        "goldlost2death": 1666,
        "secs_dead": 294,
        "teamcreepkills": 64,
        "teamcreepdmg": 38216,
        "teamcreepgold": 2479,
        "teamcreepexp": 10119,
        "neutralcreepkills": 10,
        "neutralcreepdmg": 2507,
        "neutralcreepgold": 221,
        "neutralcreepexp": 1015,
        "bdmg": 1475,
        "razed": 2,
        "bdmgexp": 0,
        "bgold": 2060,
        "denies": 8,
        "exp_denied": 396,
        "gold": 8865,
        "gold_spent": 13100,
        "exp": 23019,
        "actions": 6985,
        "secs": 3078,
        "level": 21,
        "consumables": 20,
        "wards": 10,
        "bloodlust": 0,
        "doublekill": 0,
        "triplekill": 0,
        "quadkill": 0,
        "annihilation": 0,
        "ks3": 1,
        "ks4": 1,
        "ks5": 1,
        "ks6": 0,
        "ks7": 0,
        "ks8": 0,
        "ks9": 0,
        "ks10": 0,
        "ks15": 0,
        "smackdown": 0,
        "humiliation": 0,
        "nemesis": 0,
        "retribution": 0,
        "score": 0,
        "gameplaystat0": 0,
        "gameplaystat1": 0,
        "gameplaystat2": 0,
        "gameplaystat3": 0,
        "gameplaystat4": 0,
        "gameplaystat5": 0,
        "gameplaystat6": 0,
        "gameplaystat7": 0,
        "gameplaystat8": 0,
        "gameplaystat9": 0,
        "time_earning_exp": 3078,
        "match_id": 485227,
        "account_id": 74686,
        "map": "caldavar",
        "cli_name": "Hero_Voodoo",
        "mdt": "11/5/2022"
      },
      "9": {
        "nickname": "ZEED`",
        "clan_tag": null,
        "clan_id": 0,
        "team": 1,
        "position": 0,
        "group_num": 0,
        "benefit": 0,
        "hero_id": 4294967295,
        "wins": 0,
        "losses": 1,
        "discos": 1,
        "concedes": 0,
        "kicked": 0,
        "social_bonus": 1,
        "used_token": 0,
        "pub_skill": 0,
        "pub_count": 0,
        "amm_team_rating": -20,
        "amm_team_count": 1,
        "concedevotes": 0,
        "herokills": 0,
        "herodmg": 0,
        "herokillsgold": 218,
        "heroassists": 0,
        "heroexp": 0,
        "deaths": 0,
        "buybacks": 0,
        "goldlost2death": 0,
        "secs_dead": 0,
        "teamcreepkills": 0,
        "teamcreepdmg": 0,
        "teamcreepgold": 0,
        "teamcreepexp": 0,
        "neutralcreepkills": 0,
        "neutralcreepdmg": 0,
        "neutralcreepgold": 150,
        "neutralcreepexp": 0,
        "bdmg": 0,
        "razed": 0,
        "bdmgexp": 0,
        "bgold": 2900,
        "denies": 0,
        "exp_denied": 0,
        "gold": 3268,
        "gold_spent": 0,
        "exp": 0,
        "actions": 0,
        "secs": 110,
        "level": 1,
        "consumables": 0,
        "wards": 0,
        "bloodlust": 0,
        "doublekill": 0,
        "triplekill": 0,
        "quadkill": 0,
        "annihilation": 0,
        "ks3": 0,
        "ks4": 0,
        "ks5": 0,
        "ks6": 0,
        "ks7": 0,
        "ks8": 0,
        "ks9": 0,
        "ks10": 0,
        "ks15": 0,
        "smackdown": 0,
        "humiliation": 0,
        "nemesis": 0,
        "retribution": 0,
        "score": 0,
        "gameplaystat0": 0,
        "gameplaystat1": 0,
        "gameplaystat2": 0,
        "gameplaystat3": 0,
        "gameplaystat4": 0,
        "gameplaystat5": 0,
        "gameplaystat6": 0,
        "gameplaystat7": 0,
        "gameplaystat8": 0,
        "gameplaystat9": 0,
        "time_earning_exp": 110,
        "match_id": 485227,
        "account_id": 82505,
        "map": "caldavar",
        "cli_name": "Hero_FlameDragon",
        "mdt": "11/5/2022"
      }
    }
  },
  "inventory": {
    "0": {
      "77635": {
        "slot_1": "Item_PortalKey",
        "slot_2": "Item_MysticVestments",
        "slot_3": "Item_VoidTalisman",
        "slot_4": "Item_Morph",
        "slot_5": "Item_Nuke",
        "slot_6": "Item_Steamboots"
      },
      "25113": {
        "slot_1": "Item_EnhancedMarchers",
        "slot_2": "Item_Pierce",
        "slot_3": "Item_Immunity",
        "slot_4": "Item_Brutalizer",
        "slot_5": "Item_Splash",
        "slot_6": "Item_WhisperingHelm"
      },
      "1702": {
        "slot_1": "Item_EnhancedMarchers",
        "slot_2": "Item_Immunity",
        "slot_3": "Item_IronShield",
        "slot_4": "Item_Pierce",
        "slot_5": "Item_ToxinClaws",
        "slot_6": "Item_Splash"
      },
      "1666": {
        "slot_1": "Item_PegasusBoots",
        "slot_2": "Item_Morph",
        "slot_3": "Item_PortalKey",
        "slot_4": "Item_Protect",
        "slot_5": "Item_GrimoireOfPower",
        "slot_6": "Item_SpellShards"
      },
      "67673": {
        "slot_1": "Item_Excruciator",
        "slot_2": "Item_PlatedGreaves",
        "slot_3": "Item_Nuke",
        "slot_4": "Item_SpellShards",
        "slot_5": "Item_PushStaff",
        "slot_6": "Item_BehemothsHeart"
      },
      "82496": {
        "slot_1": "Item_PostHaste",
        "slot_2": "Item_PortalKey",
        "slot_3": "Item_Immunity",
        "slot_4": "Item_Dawnbringer",
        "slot_5": "Item_LifeSteal4",
        "slot_6": "Item_Brutalizer"
      }
    }
  },
  "0": true
}