{
  "match_summ": {
    "3": {
      "match_id": 3,
      "map": null,
      "time_played": 0,
      "version": null,
      "date": null,
      "time": null,
      "mname": null,
      "class": null,
      "nm": 0,
      "sd": 0,
      "rd": 0,
      "dm": 0,
      "bd": 0,
      "bp": 0,
      "ar": 0,
      "cm": 0,
      "lp": 0,
      "bb": 0,
      "bm": 0,
      "km": 0,
      "alt_pick": 0,
      "shuf": 0,
      "ap": 0,
      "br": 0,
      "em": 0,
      "cas": 0,
      "nl": 0,
      "no_stats": 0,
      "ab": 0,
      "verified_only": 0,
      "gated": 0,
      "timestamp": 0,
      "url": null,
      "size": 1,
      "name": null,
      "s3_url": "http://api.kongor.online/replays/M3.honreplay",
      "winning_team": "",
      "gamemode": null,
      "mvp": 0,
      "awd_mann": 0,
      "awd_mqk": 0,
      "awd_lgks": 0,
      "awd_msd": 0,
      "awd_mkill": 0,
      "awd_masst": 0,
      "awd_ledth": 0,
      "awd_mbdmg": 0,
      "awd_mwk": 0,
      "awd_mhdd": 0,
      "awd_hcs": 0,
      "mmpoints": 7
    }
  },
  "match_player_stats": {
    "3": {}
  },
  "0": true
}