{
  "m0": "513980,0,2,15,13,20,4294967295,1476,midwars,11/8/2022,Hero_ForsakenArcher",
  "m1": "513922,1,2,8,2,10,4294967295,741,midwars,11/8/2022,Hero_FlintBeastwood",
  "m2": "513867,1,1,10,2,43,4294967295,900,midwars,11/8/2022,Hero_Xalynx"
}